../Core/Src/oledc.c:56:6:OLED_Init	8	static
../Core/Src/oledc.c:67:6:OLED_Reset	8	static
../Core/Src/oledc.c:75:6:OLED_WriteCommand	16	static
../Core/Src/oledc.c:82:6:OLED_WriteData	16	static
../Core/Src/oledc.c:89:6:OLED_FillRun	104	static
../Core/Src/oledc.c:127:6:OLED_DrawPixel	24	static
../Core/Src/oledc.c:165:13:OLED_DrawGlyph6x8	40	static
../Core/Src/oledc.c:179:6:OLED_DrawNumber	64	static
../Core/Src/oledc.c:208:13:OLED_DrawGlyph6x8_Scaled	64	static
../Core/Src/oledc.c:241:6:OLED_DrawNumberScaled	80	static
../Core/Src/oledc.c:274:6:OLED_DisplayColor	104	static
../Core/Src/oledc.c:313:6:OLED_Clear	8	static
../Core/Src/oledc.c:322:6:OLED_DrawBitmap	56	static
../Core/Src/oledc.c:372:6:OLED_ShowCompassImage	40	static
../Core/Src/oledc.c:440:6:OLED_DrawCompass	96	static
../Core/Src/oledc.c:496:6:HAL_SPI_TxCpltCallback	16	static
